// Jest Snapshot v1, https://jestjs.io/docs/snapshot-testing

exports[`SidebarGroupContent matches snapshot 1`] = `
<div>
  <div
    class="group/sidebar-wrapper has-data-[variant=inset]:bg-sidebar flex min-h-svh w-full"
    data-slot="sidebar-wrapper"
    style="--sidebar-width: 16rem; --sidebar-width-icon: 3rem;"
  >
    <div
      class="w-full text-sm"
      data-sidebar="group-content"
      data-slot="sidebar-group-content"
    >
      <div
        class="relative flex items-center"
      >
        <svg
          class="lucide lucide-search absolute left-2 size-4"
          fill="none"
          height="24"
          stroke="currentColor"
          stroke-linecap="round"
          stroke-linejoin="round"
          stroke-width="2"
          viewBox="0 0 24 24"
          width="24"
          xmlns="http://www.w3.org/2000/svg"
        >
          <circle
            cx="11"
            cy="11"
            r="8"
          />
          <path
            d="m21 21-4.3-4.3"
          />
        </svg>
        <input
          class="file:text-foreground placeholder:text-muted-foreground selection:bg-primary selection:text-primary-foreground dark:bg-input/30 border-input flex h-9 w-full min-w-0 rounded-md border px-3 py-1 text-base shadow-xs transition-[color,box-shadow] outline-none file:inline-flex file:h-7 file:border-0 file:bg-transparent file:text-sm file:font-medium disabled:pointer-events-none disabled:cursor-not-allowed disabled:opacity-50 md:text-sm focus-visible:border-ring focus-visible:ring-ring/50 focus-visible:ring-[3px] aria-invalid:ring-destructive/20 dark:aria-invalid:ring-destructive/40 aria-invalid:border-destructive bg-muted pl-8"
          data-slot="input"
          placeholder="Search your notes..."
          value=""
        />
      </div>
      <ul
        class="flex w-full min-w-0 flex-col gap-1 mt-4"
        data-sidebar="menu"
        data-slot="sidebar-menu"
      >
        <li
          class="group/menu-item relative group/item"
          data-sidebar="menu-item"
          data-slot="sidebar-menu-item"
        >
          <a
            class="peer/menu-button flex w-full overflow-hidden rounded-md p-2 text-left outline-hidden ring-sidebar-ring transition-[width,height,padding] focus-visible:ring-2 active:bg-sidebar-accent active:text-sidebar-accent-foreground disabled:pointer-events-none disabled:opacity-50 group-has-data-[sidebar=menu-action]/menu-item:pr-8 aria-disabled:pointer-events-none aria-disabled:opacity-50 data-[active=true]:bg-sidebar-accent data-[active=true]:font-medium data-[active=true]:text-sidebar-accent-foreground data-[state=open]:hover:bg-sidebar-accent data-[state=open]:hover:text-sidebar-accent-foreground group-data-[collapsible=icon]:size-8! group-data-[collapsible=icon]:p-2! [&>span:last-child]:truncate [&>svg]:size-4 [&>svg]:shrink-0 hover:bg-sidebar-accent hover:text-sidebar-accent-foreground h-8 text-sm items-start gap-0 pr-12 false flex h-fit flex-col"
            data-active="false"
            data-sidebar="menu-button"
            data-size="default"
            data-slot="sidebar-menu-button"
            href="/?noteId=1"
          >
            <p
              class="w-full overflow-hidden truncate text-eclipsis whitespace-nowrap"
            >
              Test note 1
            </p>
            <p
              class="text-muted-foreground text-xs "
            >
              6/20/2025
            </p>
          </a>
          <button
            aria-controls="radix-«r6»"
            aria-expanded="false"
            aria-haspopup="dialog"
            class="inline-flex items-center justify-center gap-2 whitespace-nowrap rounded-md text-sm font-medium transition-all disabled:pointer-events-none disabled:opacity-50 [&_svg]:pointer-events-none [&_svg:not([class*='size-'])]:size-4 shrink-0 [&_svg]:shrink-0 outline-none focus-visible:border-ring focus-visible:ring-ring/50 focus-visible:ring-[3px] aria-invalid:ring-destructive/20 dark:aria-invalid:ring-destructive/40 aria-invalid:border-destructive hover:bg-accent hover:text-accent-foreground dark:hover:bg-accent/50 has-[>svg]:px-3 absolute right-2 top-1/2 -translate-y-1/2 size-7 p-0 opacity-0 group-hover/item:opacity-100 [&_svg]:size-4"
            data-slot="alert-dialog-trigger"
            data-state="closed"
            type="button"
          >
            <svg
              class="lucide lucide-trash2 lucide-trash-2"
              fill="none"
              height="24"
              stroke="currentColor"
              stroke-linecap="round"
              stroke-linejoin="round"
              stroke-width="2"
              viewBox="0 0 24 24"
              width="24"
              xmlns="http://www.w3.org/2000/svg"
            >
              <path
                d="M3 6h18"
              />
              <path
                d="M19 6v14c0 1-1 2-2 2H7c-1 0-2-1-2-2V6"
              />
              <path
                d="M8 6V4c0-1 1-2 2-2h4c1 0 2 1 2 2v2"
              />
              <line
                x1="10"
                x2="10"
                y1="11"
                y2="17"
              />
              <line
                x1="14"
                x2="14"
                y1="11"
                y2="17"
              />
            </svg>
          </button>
        </li>
        <li
          class="group/menu-item relative group/item"
          data-sidebar="menu-item"
          data-slot="sidebar-menu-item"
        >
          <a
            class="peer/menu-button flex w-full overflow-hidden rounded-md p-2 text-left outline-hidden ring-sidebar-ring transition-[width,height,padding] focus-visible:ring-2 active:bg-sidebar-accent active:text-sidebar-accent-foreground disabled:pointer-events-none disabled:opacity-50 group-has-data-[sidebar=menu-action]/menu-item:pr-8 aria-disabled:pointer-events-none aria-disabled:opacity-50 data-[active=true]:bg-sidebar-accent data-[active=true]:font-medium data-[active=true]:text-sidebar-accent-foreground data-[state=open]:hover:bg-sidebar-accent data-[state=open]:hover:text-sidebar-accent-foreground group-data-[collapsible=icon]:size-8! group-data-[collapsible=icon]:p-2! [&>span:last-child]:truncate [&>svg]:size-4 [&>svg]:shrink-0 hover:bg-sidebar-accent hover:text-sidebar-accent-foreground h-8 text-sm items-start gap-0 pr-12 false flex h-fit flex-col"
            data-active="false"
            data-sidebar="menu-button"
            data-size="default"
            data-slot="sidebar-menu-button"
            href="/?noteId=2"
          >
            <p
              class="w-full overflow-hidden truncate text-eclipsis whitespace-nowrap"
            >
              Test note 2
            </p>
            <p
              class="text-muted-foreground text-xs "
            >
              6/20/2025
            </p>
          </a>
          <button
            aria-controls="radix-«r9»"
            aria-expanded="false"
            aria-haspopup="dialog"
            class="inline-flex items-center justify-center gap-2 whitespace-nowrap rounded-md text-sm font-medium transition-all disabled:pointer-events-none disabled:opacity-50 [&_svg]:pointer-events-none [&_svg:not([class*='size-'])]:size-4 shrink-0 [&_svg]:shrink-0 outline-none focus-visible:border-ring focus-visible:ring-ring/50 focus-visible:ring-[3px] aria-invalid:ring-destructive/20 dark:aria-invalid:ring-destructive/40 aria-invalid:border-destructive hover:bg-accent hover:text-accent-foreground dark:hover:bg-accent/50 has-[>svg]:px-3 absolute right-2 top-1/2 -translate-y-1/2 size-7 p-0 opacity-0 group-hover/item:opacity-100 [&_svg]:size-4"
            data-slot="alert-dialog-trigger"
            data-state="closed"
            type="button"
          >
            <svg
              class="lucide lucide-trash2 lucide-trash-2"
              fill="none"
              height="24"
              stroke="currentColor"
              stroke-linecap="round"
              stroke-linejoin="round"
              stroke-width="2"
              viewBox="0 0 24 24"
              width="24"
              xmlns="http://www.w3.org/2000/svg"
            >
              <path
                d="M3 6h18"
              />
              <path
                d="M19 6v14c0 1-1 2-2 2H7c-1 0-2-1-2-2V6"
              />
              <path
                d="M8 6V4c0-1 1-2 2-2h4c1 0 2 1 2 2v2"
              />
              <line
                x1="10"
                x2="10"
                y1="11"
                y2="17"
              />
              <line
                x1="14"
                x2="14"
                y1="11"
                y2="17"
              />
            </svg>
          </button>
        </li>
      </ul>
    </div>
  </div>
</div>
`;
